[error] external-crates/move/crates/move-compiler/tests/move_2024/migration/public_friend.move: Error: tree-sitter failure on 
[error] ```
[error] {
[error] 
[error]     public( friend ) fun t0() {}
[error] 
[error]     public(friend) fun t1() {}
[error] 
[error]     public(
[error]         friend) fun t2() {}
[error] 
[error]     public(
[error]         friend
[error]         ) fun t3() {}
[error] 
[error]     public(
[error]         friend
[error]         /* comment */
[error]     ) fun t4() {}
[error] 
[error]     /* stays-comment */
[error]     public(
[error]         friend
[error]         /* deleted-comment */
[error]     )/* stays-comment */ fun t5() {}
[error] 
[error]     /*stays*/public(/*deleted*/friend/*deleted*/)/*stays*/fun t6() {}
[error] }
[error] ```
[error]     at checkErrorsCb (/Users/tedks/Projects/mysten/sui/external-crates/move/tooling/prettier-move/out/printer.js:30:23)
[error]     at Object.print (/Users/tedks/Projects/mysten/sui/external-crates/move/tooling/prettier-move/out/printer.js:39:16)
[error]     at callPluginPrintFunction (file:///Users/tedks/Projects/mysten/sui/node_modules/prettier/index.mjs:20422:20)
[error]     at mainPrintInternal (file:///Users/tedks/Projects/mysten/sui/node_modules/prettier/index.mjs:20405:18)
[error]     at mainPrint (file:///Users/tedks/Projects/mysten/sui/node_modules/prettier/index.mjs:20388:14)
[error]     at AstPath.call (file:///Users/tedks/Projects/mysten/sui/node_modules/prettier/index.mjs:19547:14)
[error]     at printModuleDefinition (/Users/tedks/Projects/mysten/sui/external-crates/move/tooling/prettier-move/out/cst/module.js:71:21)
[error]     at Object.print (/Users/tedks/Projects/mysten/sui/external-crates/move/tooling/prettier-move/out/printer.js:57:57)
[error]     at callPluginPrintFunction (file:///Users/tedks/Projects/mysten/sui/node_modules/prettier/index.mjs:20422:20)
[error]     at mainPrintInternal (file:///Users/tedks/Projects/mysten/sui/node_modules/prettier/index.mjs:20405:18)
