---
source: crates/move-transactional-test-runner/src/framework.rs
input_file: crates/move-vm-transactional-tests/tests/entry_points/expected_0_signer_args_got_1_ok.move
---
processed 1 task

task 0, lines 1-5:
//# run --signers 0x1
Error: Function execution failed with VMError: {
    major_status: NUMBER_OF_ARGUMENTS_MISMATCH,
    sub_status: None,
    location: undefined,
    indices: [],
    offsets: [],
}
