---
source: external-crates/move/crates/move-transactional-test-runner/src/framework.rs
---
processed 8 tasks

init:
A: object(0,0), B: object(0,1)

task 1, lines 6-23:
//# publish
created: object(1,0)
mutated: object(0,2)
gas summary: computation_cost: 1000000, storage_cost: 5943200,  storage_rebate: 0, non_refundable_storage_fee: 0

task 2, lines 24-25:
//# programmable --sender A
//> ex::m::create_and_share()
created: object(2,0)
mutated: object(0,0)
gas summary: computation_cost: 1000000, storage_cost: 2196400,  storage_rebate: 0, non_refundable_storage_fee: 0

task 3, lines 27-29:
//# view-object 2,0
Owner: Shared( 2 )
Version: 2
Contents: ex::m::S {
    id: sui::object::UID {
        id: sui::object::ID {
            bytes: fake(2,0),
        },
    },
}

task 4, lines 30-34:
//# programmable --sender A --inputs object(2,0) @A
//> 0: sui::party::single_owner(Input(1));
//> sui::transfer::public_party_transfer<ex::m::S>(Input(0), Result(0))
// Create a party object.
Error: Transaction Effects Status: The shared object operation is not allowed.
Debug of error: SharedObjectOperationNotAllowed at command None

task 5, lines 35-36:
//# programmable --sender A
//> ex::m::create_party()
created: object(5,0)
mutated: object(0,0)
gas summary: computation_cost: 1000000, storage_cost: 2196400,  storage_rebate: 978120, non_refundable_storage_fee: 9880

task 6, lines 38-40:
//# view-object 5,0
Owner: ConsensusAddressOwner( 4, A )
Version: 4
Contents: ex::m::S {
    id: sui::object::UID {
        id: sui::object::ID {
            bytes: fake(5,0),
        },
    },
}

task 7, lines 41-42:
//# programmable --sender A --inputs object(5,0)
//> sui::transfer::public_share_object<ex::m::S>(Input(0))
Error: Transaction Effects Status: Move Runtime Abort. Location: sui::transfer::share_object_impl (function index 12) at offset 0, Abort Code: 0
Debug of error: MoveAbort(MoveLocation { module: ModuleId { address: sui, name: Identifier("transfer") }, function: 12, instruction: 0, function_name: Some("share_object_impl") }, 0) at command Some(0)
