---
source: crates/move-transactional-test-runner/src/framework.rs
input_file: crates/move-compiler-transactional-tests/tests/matching/at_pattern_drop.move
---
processed 3 tasks
