---
source: crates/move-transactional-test-runner/src/framework.rs
input_file: crates/move-compiler-transactional-tests/tests/matching/match_lit_mut_bind.move
---
processed 3 tasks
