---
source: crates/sui-display/src/v2/parser.rs
expression: "strands(r#\"{b 'foo'}\"#)"
---
Error: Unexpected whitespace followed by string "foo" at offset 4, expected one of ':', '|', or '}'
