---
source: crates/sui-display/src/v2/parser.rs
expression: "strands(r#\"{x '1234'}\"#)"
---
Error: Unexpected whitespace followed by string "1234" at offset 4, expected one of ':', '|', or '}'
