---
source: crates/move-compiler/tests/move_check_testsuite.rs
info:
  flavor: core
  edition: 2024.alpha
  lint: false
input_file: crates/move-compiler/tests/move_2024/matching/guard_backtrack_3.move
---

