processed 1 task

task 0, lines 6-23:
//# publish
created: object(1,0)
mutated: object(0,0)
gas summary: computation_cost: 1000000, storage_cost: 4590400,  storage_rebate: 0, non_refundable_storage_fee: 0
