---
source: crates/move-transactional-test-runner/src/framework.rs
input_file: crates/bytecode-verifier-transactional-tests/tests/stack_usage_verifier/integer_stack_balanced.mvir
---
processed 6 tasks
