processed 1 task

task 0, lines 1-14:
//# publish
Error: Unable to publish module '0000000000000000000000000000000000000000000000000000000000000006::A'. Got VMError: {
    major_status: POSITIVE_STACK_SIZE_AT_BLOCK_END,
    sub_status: None,
    location: 0x6::A,
    indices: [(FunctionDefinition, 1)],
    offsets: [(FunctionDefinitionIndex(1), 0)],
}
