---
source: crates/move-compiler/tests/move_check_testsuite.rs
info:
  flavor: core
  edition: legacy
  lint: false
---
error[E01002]: unexpected token
  ┌─ tests/move_check/parser/friend_decl_missing_semicolon.move:6:1
  │
6 │ }
  │ ^
  │ │
  │ Unexpected '}'
  │ Expected ';'
