error[E03009]: unbound variable
  ┌─ tests/move_check/parser/num_hex_literal_underscore_leading_no_type_suffix.move:4:17
  │
4 │         let _ = _0x76;
  │                 ^^^^^ Unbound variable '_0x76'

