---
source: crates/move-compiler/tests/move_check_testsuite.rs
info:
  flavor: sui
  edition: legacy
  lint: false
input_file: crates/move-compiler/tests/sui_mode/one_time_witness/wrong_field_type_and_extra_field.move
---

