---
source: crates/move-prover/tests/integration.rs
expression: output
snapshot_kind: text
---
exiting with bytecode transformation errors
error: Spec function have differ type params count than underlying func
   ┌─ tests/inputs/spec_well_formed/spec_well_formed_type_params_count.move:11:1
   │  
11 │ ╭ public fun foo_spec<T, K>() {
12 │ │   foo<T>();
13 │ │   ensures(true);
14 │ │ }
   │ ╰─^
