---
source: crates/move-transactional-test-runner/src/framework.rs
input_file: crates/bytecode-verifier-transactional-tests/tests/type_safety/variant_switch_valid_head_type.mvir
---
processed 3 tasks
