---
source: crates/move-compiler/tests/move_check_testsuite.rs
info:
  flavor: sui
  edition: legacy
  lint: false
---
error[Sui E02010]: invalid dynamic coin creation call
   ┌─ tests/sui_mode/private_generics/new_currency_dyn.move:13:5
   │
13 │     coin_registry::new_currency_dyn<External>();
   │     ^^^^^^^^^^^^^^^^^^^^^^^^^^^^^^^^^^^^^^^^^^^
   │     │                               │
   │     │                               The type 'a::other::External' is not declared in the current module
   │     Invalid dynamic coin creation. The function 'sui::coin_registry::new_currency_dyn' must be called with a type defined in the current module
