---
source: crates/sui-core/src/authority/execution_time_estimator.rs
expression: snapshot_data
---
protocol_version: 97
consensus_observations:
  - - MakeMoveVec
    - observations:
        - - 4
          - secs: 0
            nanos: 29000000
        - - 7
          - secs: 0
            nanos: 28000000
        - - 5
          - secs: 0
            nanos: 19000000
        - - 1
          - secs: 0
            nanos: 25000000
      stake_weighted_median:
        secs: 0
        nanos: 28000000
  - - MergeCoins
    - observations:
        - - 6
          - secs: 0
            nanos: 63000000
        - - 1
          - secs: 0
            nanos: 21000000
        - - 2
          - secs: 0
            nanos: 32000000
        - - 8
          - secs: 0
            nanos: 43000000
      stake_weighted_median:
        secs: 0
        nanos: 43000000
  - - SplitCoins
    - observations:
        - - 0
          - ~
        - - 9
          - secs: 0
            nanos: 76000000
        - - 5
          - secs: 0
            nanos: 54000000
        - - 5
          - secs: 0
            nanos: 35000000
      stake_weighted_median:
        secs: 0
        nanos: 54000000
  - - TransferObjects
    - observations:
        - - 0
          - ~
        - - 0
          - ~
        - - 0
          - ~
        - - 9
          - secs: 0
            nanos: 45000000
      stake_weighted_median:
        secs: 0
        nanos: 45000000
  - - Upgrade
    - observations:
        - - 9
          - secs: 0
            nanos: 425000000
        - - 6
          - secs: 0
            nanos: 485000000
        - - 10
          - secs: 0
            nanos: 827000000
        - - 4
          - secs: 0
            nanos: 587000000
      stake_weighted_median:
        secs: 0
        nanos: 587000000
  - - MoveEntryPoint:
        package: "0x0000000000000000000000000000000000000000000000000000000000000001"
        module: coin
        function: transfer
        type_arguments: []
    - observations:
        - - 7
          - secs: 0
            nanos: 404000000
        - - 6
          - secs: 0
            nanos: 162000000
        - - 9
          - secs: 0
            nanos: 268000000
        - - 8
          - secs: 0
            nanos: 0
      stake_weighted_median:
        secs: 0
        nanos: 268000000
  - - MoveEntryPoint:
        package: "0x0000000000000000000000000000000000000000000000000000000000000002"
        module: nft
        function: mint
        type_arguments: []
    - observations:
        - - 0
          - ~
        - - 0
          - ~
        - - 6
          - secs: 0
            nanos: 248000000
        - - 8
          - secs: 0
            nanos: 499000000
      stake_weighted_median:
        secs: 0
        nanos: 499000000
transaction_estimates:
  - - coin_transfer_call
    - secs: 0
      nanos: 268000000
  - - mixed_move_calls
    - secs: 0
      nanos: 767000000
  - - native_commands_with_observations
    - secs: 0
      nanos: 340000000
  - - transfer_objects_3_items
    - secs: 0
      nanos: 180000000
  - - split_coins_4_amounts
    - secs: 0
      nanos: 270000000
  - - merge_coins_1_sources
    - secs: 0
      nanos: 86000000
  - - make_move_vec_4_elements
    - secs: 0
      nanos: 140000000
  - - mixed_commands
    - secs: 0
      nanos: 244000000
  - - upgrade_package
    - secs: 0
      nanos: 587000000
