---
source: crates/move-transactional-test-runner/src/framework.rs
input_file: crates/move-vm-transactional-tests/tests/stack_and_function_calls/multiple_composite_functions.mvir
---
processed 2 tasks
