---
source: external-crates/move/crates/move-transactional-test-runner/src/framework.rs
---
processed 17 tasks

init:
A: object(0,0), B: object(0,1)

task 1, line 6:
//# advance-epoch
Epoch advanced: 1

task 2, lines 8-10:
//# programmable --sender A --inputs 42 @A
//> 0: SplitCoins(Gas, [Input(0)]);
//> 1: TransferObjects([Result(0)], Input(1))
created: object(2,0)
mutated: object(0,0)
gas summary: computation_cost: 1000000, storage_cost: 1976000,  storage_rebate: 0, non_refundable_storage_fee: 0

task 3, lines 12-14:
//# programmable --sender A --inputs 43 @A
//> 0: SplitCoins(Gas, [Input(0)]);
//> 1: TransferObjects([Result(0)], Input(1))
created: object(3,0)
mutated: object(0,0)
gas summary: computation_cost: 1000000, storage_cost: 1976000,  storage_rebate: 978120, non_refundable_storage_fee: 9880

task 4, lines 16-18:
//# programmable --sender A --inputs 1
//> SplitCoins(Gas, [Input(0)]);
//> MergeCoins(Gas, [Result(0)])
mutated: object(0,0)
gas summary: computation_cost: 1000000, storage_cost: 988000,  storage_rebate: 978120, non_refundable_storage_fee: 9880

task 5, line 20:
//# create-checkpoint
Checkpoint created: 2

task 6, lines 22-24:
//# programmable --sender A --inputs 2
//> SplitCoins(Gas, [Input(0)]);
//> MergeCoins(Gas, [Result(0)])
mutated: object(0,0)
gas summary: computation_cost: 1000000, storage_cost: 988000,  storage_rebate: 978120, non_refundable_storage_fee: 9880

task 7, line 26:
//# create-checkpoint
Checkpoint created: 3

task 8, line 28:
//# create-checkpoint
Checkpoint created: 4

task 9, lines 30-32:
//# programmable --sender A --inputs 3
//> SplitCoins(Gas, [Input(0)]);
//> MergeCoins(Gas, [Result(0)])
mutated: object(0,0)
gas summary: computation_cost: 1000000, storage_cost: 988000,  storage_rebate: 978120, non_refundable_storage_fee: 9880

task 10, line 34:
//# advance-epoch
Epoch advanced: 2

task 11, lines 36-38:
//# programmable --sender A --inputs 1
//> SplitCoins(Gas, [Input(0)]);
//> MergeCoins(Gas, [Result(0)])
mutated: object(0,0)
gas summary: computation_cost: 1000000, storage_cost: 988000,  storage_rebate: 978120, non_refundable_storage_fee: 9880

task 12, lines 40-42:
//# programmable --sender A --inputs 2
//> SplitCoins(Gas, [Input(0)]);
//> MergeCoins(Gas, [Result(0)])
mutated: object(0,0)
gas summary: computation_cost: 1000000, storage_cost: 988000,  storage_rebate: 978120, non_refundable_storage_fee: 9880

task 13, lines 44-46:
//# programmable --sender A --inputs 3
//> SplitCoins(Gas, [Input(0)]);
//> MergeCoins(Gas, [Result(0)])
mutated: object(0,0)
gas summary: computation_cost: 1000000, storage_cost: 988000,  storage_rebate: 978120, non_refundable_storage_fee: 9880

task 14, lines 48-63:
//# run-graphql
Response: {
  "data": {
    "epoch": {
      "totalTransactions": 2,
      "transactions": {
        "pageInfo": {
          "hasPreviousPage": false,
          "hasNextPage": false,
          "startCursor": "MA==",
          "endCursor": "MQ=="
        },
        "edges": [
          {
            "cursor": "MA==",
            "node": {
              "effects": {
                "checkpoint": {
                  "sequenceNumber": 0
                }
              }
            }
          },
          {
            "cursor": "MQ==",
            "node": {
              "effects": {
                "checkpoint": {
                  "sequenceNumber": 1
                }
              }
            }
          }
        ]
      }
    }
  }
}

task 15, lines 65-79:
//# run-graphql
Response: {
  "data": {
    "epoch": {
      "totalTransactions": 6,
      "transactions": {
        "pageInfo": {
          "hasPreviousPage": false,
          "hasNextPage": false,
          "startCursor": "Mg==",
          "endCursor": "Nw=="
        },
        "edges": [
          {
            "cursor": "Mg==",
            "node": {
              "effects": {
                "checkpoint": {
                  "sequenceNumber": 2
                }
              }
            }
          },
          {
            "cursor": "Mw==",
            "node": {
              "effects": {
                "checkpoint": {
                  "sequenceNumber": 2
                }
              }
            }
          },
          {
            "cursor": "NA==",
            "node": {
              "effects": {
                "checkpoint": {
                  "sequenceNumber": 2
                }
              }
            }
          },
          {
            "cursor": "NQ==",
            "node": {
              "effects": {
                "checkpoint": {
                  "sequenceNumber": 3
                }
              }
            }
          },
          {
            "cursor": "Ng==",
            "node": {
              "effects": {
                "checkpoint": {
                  "sequenceNumber": 5
                }
              }
            }
          },
          {
            "cursor": "Nw==",
            "node": {
              "effects": {
                "checkpoint": {
                  "sequenceNumber": 5
                }
              }
            }
          }
        ]
      }
    }
  }
}

task 16, lines 81-95:
//# run-graphql
Response: {
  "data": {
    "epoch": null
  }
}
