---
source: external-crates/move/crates/move-transactional-test-runner/src/framework.rs
---
processed 14 tasks

init:
A: object(0,0)

task 1, lines 6-14:
//# run-graphql
Response: {
  "data": {
    "epoch0BeforeCp0NotTx": {
      "totalTransactions": null,
      "transactions": {
        "edges": []
      }
    }
  }
}

task 2, lines 16-18:
//# programmable --sender A --inputs 42 @A
//> 0: SplitCoins(Gas, [Input(0)]);
//> 1: TransferObjects([Result(0)], Input(1))
created: object(2,0)
mutated: object(0,0)
gas summary: computation_cost: 1000000, storage_cost: 1976000,  storage_rebate: 0, non_refundable_storage_fee: 0

task 3, line 20:
//# advance-epoch
Epoch advanced: 1

task 4, lines 22-24:
//# programmable --sender A --inputs 42 @A
//> 0: SplitCoins(Gas, [Input(0)]);
//> 1: TransferObjects([Result(0)], Input(1))
created: object(4,0)
mutated: object(0,0)
gas summary: computation_cost: 1000000, storage_cost: 1976000,  storage_rebate: 978120, non_refundable_storage_fee: 9880

task 5, lines 26-28:
//# programmable --sender A --inputs 43 @A
//> 0: SplitCoins(Gas, [Input(0)]);
//> 1: TransferObjects([Result(0)], Input(1))
created: object(5,0)
mutated: object(0,0)
gas summary: computation_cost: 1000000, storage_cost: 1976000,  storage_rebate: 978120, non_refundable_storage_fee: 9880

task 6, line 30:
//# create-checkpoint
Checkpoint created: 2

task 7, lines 32-40:
//# run-graphql
Response: {
  "data": {
    "epoch0BeforeCp1": {
      "totalTransactions": 3,
      "transactions": {
        "edges": [
          {
            "cursor": "MA==",
            "node": {
              "digest": "3FJ4fSrf7toVCANccxAbeJ5A1iSzwKLghCYcaz9atbCD",
              "effects": {
                "checkpoint": {
                  "sequenceNumber": 0,
                  "epoch": {
                    "epochId": 0
                  }
                }
              }
            }
          }
        ]
      }
    }
  }
}

task 8, line 42:
//# advance-epoch
Epoch advanced: 2

task 9, lines 44-46:
//# programmable --sender A --inputs 1
//> SplitCoins(Gas, [Input(0)]);
//> MergeCoins(Gas, [Result(0)])
mutated: object(0,0)
gas summary: computation_cost: 1000000, storage_cost: 988000,  storage_rebate: 978120, non_refundable_storage_fee: 9880

task 10, line 48:
//# create-checkpoint
Checkpoint created: 4

task 11, lines 50-52:
//# programmable --sender A --inputs 2
//> SplitCoins(Gas, [Input(0)]);
//> MergeCoins(Gas, [Result(0)])
mutated: object(0,0)
gas summary: computation_cost: 1000000, storage_cost: 988000,  storage_rebate: 978120, non_refundable_storage_fee: 9880

task 12, lines 54-62:
//# run-graphql
Response: {
  "data": {
    "epoch1BeforeCp5": {
      "totalTransactions": 3,
      "transactions": {
        "edges": [
          {
            "cursor": "Mw==",
            "node": {
              "digest": "5dzKSJiXbyVT2wXBn6hTxNdb3PpQ78EPcmBkPXCNrTWd",
              "effects": {
                "checkpoint": {
                  "sequenceNumber": 2,
                  "epoch": {
                    "epochId": 1
                  }
                }
              }
            }
          },
          {
            "cursor": "NA==",
            "node": {
              "digest": "EG5ReporyZ16CiFhvEa8z1fLiQX5SW2uMyvMYkqsEBzf",
              "effects": {
                "checkpoint": {
                  "sequenceNumber": 2,
                  "epoch": {
                    "epochId": 1
                  }
                }
              }
            }
          },
          {
            "cursor": "NQ==",
            "node": {
              "digest": "CqmfRKnUfFSzQd5GC66nAe87HSvKpo2wjuKJNW1WX8EE",
              "effects": {
                "checkpoint": {
                  "sequenceNumber": 3,
                  "epoch": {
                    "epochId": 1
                  }
                }
              }
            }
          }
        ]
      }
    }
  }
}

task 13, lines 64-72:
//# run-graphql
Response: {
  "data": {
    "epoch1BeforeCp0": {
      "totalTransactions": 3,
      "transactions": {
        "edges": []
      }
    }
  }
}
