Processing dependency 'D' of 'test': Conflicting assignments for address 'A': '0x1' and '0x2'.
