processed 6 tasks

task 1, lines 40-47:
//# run
Error: Function execution failed with VMError: {
    major_status: ARITHMETIC_ERROR,
    sub_status: None,
    location: 0x42::M,
    indices: [],
    offsets: [(FunctionDefinitionIndex(0), 2)],
}

task 2, lines 49-56:
//# run
Error: Function execution failed with VMError: {
    major_status: ARITHMETIC_ERROR,
    sub_status: None,
    location: 0x42::M,
    indices: [],
    offsets: [(FunctionDefinitionIndex(1), 2)],
}

task 3, lines 58-65:
//# run
Error: Function execution failed with VMError: {
    major_status: ARITHMETIC_ERROR,
    sub_status: None,
    location: 0x42::M,
    indices: [],
    offsets: [(FunctionDefinitionIndex(2), 2)],
}

task 4, lines 67-74:
//# run
Error: Function execution failed with VMError: {
    major_status: ARITHMETIC_ERROR,
    sub_status: None,
    location: 0x42::M,
    indices: [],
    offsets: [(FunctionDefinitionIndex(3), 2)],
}

task 5, lines 76-83:
//# run
Error: Function execution failed with VMError: {
    major_status: ARITHMETIC_ERROR,
    sub_status: None,
    location: 0x42::M,
    indices: [],
    offsets: [(FunctionDefinitionIndex(4), 2)],
}
